[
    {
        "id": "356a7c84-08d4-4e71-8a9e-131138e6a24f",
        "name": "READ_GRAD_ALGORITHM_RULES_DATA",
        "protocol": "openid-connect",
        "attributes": {
            "include.in.token.scope": "true",
            "display.on.consent.screen": "true"
        }
    },
    {
        "id": "b45a0f74-c3f4-4418-a740-8cb4055c94ac",
        "name": "READ_GRAD_ASSESSMENT_DATA",
        "protocol": "openid-connect",
        "attributes": {
            "include.in.token.scope": "true",
            "display.on.consent.screen": "true"
        }
    },
    {
        "id": "c07dd39c-60d6-481f-b9ef-65a0603874a4",
        "name": "READ_GRAD_CAREER_PROGRAM_CODE_DATA",
        "protocol": "openid-connect",
        "attributes": {
            "include.in.token.scope": "true",
            "display.on.consent.screen": "true"
        }
    },
    {
        "id": "460e752e-7296-4858-ac24-fbcdb8193a17",
        "name": "READ_GRAD_COUNTRY_CODE_DATA",
        "protocol": "openid-connect",
        "attributes": {
            "include.in.token.scope": "true",
            "display.on.consent.screen": "true"
        }
    },
    {
        "id": "dc3b7e75-5700-4b78-bfda-1623edd93ad4",
        "name": "READ_GRAD_COURSE_DATA",
        "protocol": "openid-connect",
        "attributes": {
            "include.in.token.scope": "true",
            "display.on.consent.screen": "true"
        }
    },
    {
        "id": "67410b79-d3c5-4e46-8539-4c6ff96bd14d",
        "name": "READ_GRAD_PSI_DATA",
        "protocol": "openid-connect",
        "attributes": {
            "include.in.token.scope": "true",
            "display.on.consent.screen": "true"
        }
    },
    {
        "id": "63a51588-7195-4641-9cd3-d5557ff99ac6",
        "name": "READ_GRAD_SPECIAL_PROGRAM_RULES_DATA",
        "protocol": "openid-connect",
        "attributes": {
            "include.in.token.scope": "true",
            "display.on.consent.screen": "true"
        }
    },
    {
        "id": "9ae0539a-e889-470b-a6fc-44b4438d5d72",
        "name": "READ_GRAD_STUDENT_CERTIFICATE_DATA",
        "protocol": "openid-connect",
        "attributes": {
            "include.in.token.scope": "true",
            "display.on.consent.screen": "true"
        }
    },
    {
        "id": "46c0f3ec-c2d0-4688-b630-57d946bdee7c",
        "name": "READ_GRAD_STUDENT_EXAM_DATA",
        "protocol": "openid-connect",
        "attributes": {
            "include.in.token.scope": "true",
            "display.on.consent.screen": "true"
        }
    },
    {
        "id": "499202dd-2b82-4ff2-b501-57409e766d0c",
        "name": "READ_GRAD_STUDENT_REPORT_DATA",
        "protocol": "openid-connect",
        "attributes": {
            "include.in.token.scope": "true",
            "display.on.consent.screen": "true"
        }
    },
    {
        "id": "b3a49973-a055-488a-a3e4-f5aac5cdef6b",
        "name": "READ_GRAD_STUDENT_UNGRAD_REASONS_DATA",
        "protocol": "openid-connect",
        "attributes": {
            "include.in.token.scope": "true",
            "display.on.consent.screen": "true"
        }
    },
    {
        "id": "1dc6a7fc-6e15-4d33-950a-23005eafe45f",
        "name": "RUN_GRAD_ALGORITHM",
        "protocol": "openid-connect",
        "attributes": {
            "include.in.token.scope": "true",
            "display.on.consent.screen": "true"
        }
    },
    {
        "id": "1506404f-e4b1-4987-87e6-f5e71289c5b6",
        "name": "UPDATE_GRAD_GRADUATION_STATUS",
        "protocol": "openid-connect",
        "attributes": {
            "include.in.token.scope": "true",
            "display.on.consent.screen": "true"
        }
    },
    {
        "id": "75823d80-7317-44af-b06d-cd13a566381e",
        "name": "UPDATE_GRAD_PROGRAM_RULES_DATA",
        "protocol": "openid-connect",
        "attributes": {
            "include.in.token.scope": "true",
            "display.on.consent.screen": "true"
        }
    },
    {
        "id": "95e12089-910a-436a-b895-8439ef54c290",
        "name": "UPDATE_GRAD_SPECIAL_PROGRAM_CODE_DATA",
        "protocol": "openid-connect",
        "attributes": {
            "include.in.token.scope": "true",
            "display.on.consent.screen": "true"
        }
    },
    {
        "id": "e5a46920-9dc5-43d8-9721-5a8ebd990584",
        "name": "READ_SIGNATURE_IMAGE_BY_CODE",
        "protocol": "openid-connect",
        "attributes": {
            "include.in.token.scope": "true",
            "display.on.consent.screen": "true"
        }
    },
    {
        "id": "ad22bfeb-108f-41fb-999c-e928775f9dcc",
        "name": "READ_GRAD_HISTORY_ACTIVITY_CODE_DATA",
        "protocol": "openid-connect",
        "attributes": {
            "include.in.token.scope": "true",
            "display.on.consent.screen": "true"
        }
    },
    {
        "id": "ceeed35e-73c9-4365-918c-763501554b4e",
        "name": "CREATE_GRAD_CERTIFICATE_CODE_DATA",
        "protocol": "openid-connect",
        "attributes": {
            "include.in.token.scope": "true",
            "display.on.consent.screen": "true"
        }
    },
    {
        "id": "fa58572e-ccf1-4474-b547-7361f0b35ead",
        "name": "CREATE_GRAD_REPORT_CODE_DATA",
        "protocol": "openid-connect",
        "attributes": {
            "include.in.token.scope": "true",
            "display.on.consent.screen": "true"
        }
    },
    {
        "id": "c8feeb2c-2cd9-48d1-a301-c83ae4c1adc7",
        "name": "CREATE_GRAD_SPECIAL_PROGRAM_CODE_DATA",
        "protocol": "openid-connect",
        "attributes": {
            "include.in.token.scope": "true",
            "display.on.consent.screen": "true"
        }
    },
    {
        "id": "93fc8a22-2562-4581-a829-177836ca4f78",
        "name": "CREATE_GRAD_SPECIAL_PROGRAM_RULES_DATA",
        "protocol": "openid-connect",
        "attributes": {
            "include.in.token.scope": "true",
            "display.on.consent.screen": "true"
        }
    },
    {
        "id": "b7afa580-1f43-4670-9425-8e03e7ae1d83",
        "name": "CREATE_GRAD_STUDENT_NOTES_DATA",
        "protocol": "openid-connect",
        "attributes": {
            "include.in.token.scope": "true",
            "display.on.consent.screen": "true"
        }
    },
    {
        "id": "eac4aea7-84fd-4ebf-86ae-117be1603ad1",
        "name": "CREATE_GRAD_STUDENT_STATUS_CODE_DATA",
        "protocol": "openid-connect",
        "attributes": {
            "include.in.token.scope": "true",
            "display.on.consent.screen": "true"
        }
    },
    {
        "id": "eed95ad8-9dcb-40ae-a6c1-daf146dbd07c",
        "name": "CREATE_GRAD_STUDENT_UNGRAD_REASONS_DATA",
        "protocol": "openid-connect",
        "attributes": {
            "include.in.token.scope": "true",
            "display.on.consent.screen": "true"
        }
    },
    {
        "id": "91f733f0-6dbd-4a16-a992-f229622dff8c",
        "name": "CREATE_GRAD_UNGRAD_CODE_DATA",
        "protocol": "openid-connect",
        "attributes": {
            "include.in.token.scope": "true",
            "display.on.consent.screen": "true"
        }
    },
    {
        "id": "6731eeaf-136d-4305-b28c-cdf098e0e1b4",
        "name": "CREATE_STUDENT_ACHIEVEMENT_REPORT",
        "protocol": "openid-connect",
        "attributes": {
            "include.in.token.scope": "true",
            "display.on.consent.screen": "true"
        }
    },
    {
        "id": "88b2e95c-07c6-4cc2-8cf8-a8bc79d1a085",
        "name": "DELETE_GRAD_CERTIFICATE_CODE_DATA",
        "protocol": "openid-connect",
        "attributes": {
            "include.in.token.scope": "true",
            "display.on.consent.screen": "true"
        }
    },
    {
        "id": "041bb443-86b7-445c-91d3-b1de7c958adb",
        "name": "DELETE_GRAD_REQUIREMENT_TYPE_CODE_DATA",
        "protocol": "openid-connect",
        "attributes": {
            "include.in.token.scope": "true",
            "display.on.consent.screen": "true"
        }
    },
    {
        "id": "c1134ea5-acc9-48a5-899b-9e05927420b3",
        "name": "DELETE_GRAD_SPECIAL_PROGRAM_CODE_DATA",
        "protocol": "openid-connect",
        "attributes": {
            "include.in.token.scope": "true",
            "display.on.consent.screen": "true"
        }
    },
    {
        "id": "b48f18d2-d1e5-4168-b96e-25fc8a777e8d",
        "name": "DELETE_GRAD_STUDENT_STATUS_CODE_DATA",
        "protocol": "openid-connect",
        "attributes": {
            "include.in.token.scope": "true",
            "display.on.consent.screen": "true"
        }
    },
    {
        "id": "9c38a361-e5c4-48bb-98a5-bb9b7a0d5924",
        "name": "READ_GRAD_CERTIFICATE_CODE_DATA",
        "protocol": "openid-connect",
        "attributes": {
            "include.in.token.scope": "true",
            "display.on.consent.screen": "true"
        }
    },
    {
        "id": "3b29f2bc-aa98-4de4-ae59-8da8eb8e5fea",
        "name": "READ_GRAD_COURSE_REQUIREMENT_DATA",
        "protocol": "openid-connect",
        "attributes": {
            "include.in.token.scope": "true",
            "display.on.consent.screen": "true"
        }
    },
    {
        "id": "16a5c221-67eb-446e-afd1-060763d1ed53",
        "name": "READ_GRAD_GRADUATION_STATUS",
        "protocol": "openid-connect",
        "attributes": {
            "include.in.token.scope": "true",
            "display.on.consent.screen": "true"
        }
    },
    {
        "id": "0f39a42f-a6aa-4005-a131-b4891f645a4b",
        "name": "READ_GRAD_MESSAGING_CODE_DATA",
        "protocol": "openid-connect",
        "attributes": {
            "include.in.token.scope": "true",
            "display.on.consent.screen": "true"
        }
    },
    {
        "id": "f99a1f02-48f3-442f-907b-828db65dc289",
        "name": "READ_GRAD_PROGRAM_CODE_DATA",
        "protocol": "openid-connect",
        "attributes": {
            "include.in.token.scope": "true",
            "display.on.consent.screen": "true"
        }
    },
    {
        "id": "ca1142e4-8ffa-4215-8c0c-3dbc7368c030",
        "name": "READ_GRAD_PROGRAM_RULES_DATA",
        "protocol": "openid-connect",
        "attributes": {
            "include.in.token.scope": "true",
            "display.on.consent.screen": "true"
        }
    },
    {
        "id": "3c75d7e0-abf5-4e2a-bb94-599ff5b79b3a",
        "name": "READ_GRAD_REPORT_CODE_DATA",
        "protocol": "openid-connect",
        "attributes": {
            "include.in.token.scope": "true",
            "display.on.consent.screen": "true"
        }
    },
    {
        "id": "17a45389-9650-4ad0-9aef-10571c486678",
        "name": "READ_GRAD_SCHOOL_DATA",
        "protocol": "openid-connect",
        "attributes": {
            "include.in.token.scope": "true",
            "display.on.consent.screen": "true"
        }
    },
    {
        "id": "36722dc0-e6e7-4c26-92b8-015de7592974",
        "name": "READ_GRAD_SPECIAL_PROGRAM_CODE_DATA",
        "protocol": "openid-connect",
        "attributes": {
            "include.in.token.scope": "true",
            "display.on.consent.screen": "true"
        }
    },
    {
        "id": "f0284748-f465-4631-9765-7b3a607f206c",
        "name": "READ_GRAD_STUDENT_CAREER_DATA",
        "protocol": "openid-connect",
        "attributes": {
            "include.in.token.scope": "true",
            "display.on.consent.screen": "true"
        }
    },
    {
        "id": "bdbe9eba-4caa-4f3b-93f3-64d25d95a3b0",
        "name": "READ_GRAD_STUDENT_DATA",
        "protocol": "openid-connect",
        "attributes": {
            "include.in.token.scope": "true",
            "display.on.consent.screen": "true"
        }
    },
    {
        "id": "acc135d2-c5d5-43b5-8948-cfc3cf099255",
        "name": "READ_GRAD_STUDENT_NOTES_DATA",
        "protocol": "openid-connect",
        "attributes": {
            "include.in.token.scope": "true",
            "display.on.consent.screen": "true"
        }
    },
    {
        "id": "8c092e81-915d-4ec1-ac87-4c012d73467f",
        "name": "READ_GRAD_STUDENT_SPECIAL_DATA",
        "protocol": "openid-connect",
        "attributes": {
            "include.in.token.scope": "true",
            "display.on.consent.screen": "true"
        }
    },
    {
        "id": "9f60cb51-2de2-43eb-a6db-b8f4b4906596",
        "name": "READ_GRAD_UNGRAD_CODE_DATA",
        "protocol": "openid-connect",
        "attributes": {
            "include.in.token.scope": "true",
            "display.on.consent.screen": "true"
        }
    },
    {
        "id": "9e0dd304-b3af-45dd-8257-25b88441ed03",
        "name": "CREATE_GRAD_REQUIREMENT_TYPE_CODE_DATA",
        "protocol": "openid-connect",
        "attributes": {
            "include.in.token.scope": "true",
            "display.on.consent.screen": "true"
        }
    },
    {
        "id": "40879510-4135-4eb3-a946-0e8b4716140b",
        "name": "CREATE_OR_UPDATE_SIGNATURE_BLOCK_TYPE_CODE",
        "protocol": "openid-connect",
        "attributes": {
            "include.in.token.scope": "true",
            "display.on.consent.screen": "true"
        }
    },
    {
        "id": "a23c63b6-0827-41fa-a2a9-510872766c00",
        "name": "CREATE_STUDENT_CERTIFICATE",
        "protocol": "openid-connect",
        "attributes": {
            "include.in.token.scope": "true",
            "display.on.consent.screen": "true"
        }
    },
    {
        "id": "d455d16e-6f68-4d5d-9a9e-3e7a8358b9f6",
        "name": "DELETE_GRAD_PROGRAM_CODE_DATA",
        "protocol": "openid-connect",
        "attributes": {
            "include.in.token.scope": "true",
            "display.on.consent.screen": "true"
        }
    },
    {
        "id": "14483907-0004-43c8-946c-aad2015872b4",
        "name": "DELETE_GRAD_PROGRAM_RULES_DATA",
        "protocol": "openid-connect",
        "attributes": {
            "include.in.token.scope": "true",
            "display.on.consent.screen": "true"
        }
    },
    {
        "id": "55022a7a-a1eb-4fa0-9d67-669489ec9584",
        "name": "DELETE_GRAD_REPORT_CODE_DATA",
        "protocol": "openid-connect",
        "attributes": {
            "include.in.token.scope": "true",
            "display.on.consent.screen": "true"
        }
    },
    {
        "id": "e359ac5c-51a5-47a4-9234-efe9f3eb1073",
        "name": "DELETE_GRAD_SPECIAL_PROGRAM_RULES_DATA",
        "protocol": "openid-connect",
        "attributes": {
            "include.in.token.scope": "true",
            "display.on.consent.screen": "true"
        }
    },
    {
        "id": "57f35fa7-d519-4a73-8afd-3bfaec3e33cc",
        "name": "DELETE_GRAD_STUDENT_NOTES_DATA",
        "protocol": "openid-connect",
        "attributes": {
            "include.in.token.scope": "true",
            "display.on.consent.screen": "true"
        }
    },
    {
        "id": "bb10d7a6-5a59-4432-90b5-3abccb5865b6",
        "name": "RUN_RULE_ENGINE",
        "protocol": "openid-connect",
        "attributes": {
            "include.in.token.scope": "true",
            "display.on.consent.screen": "true"
        }
    },
    {
        "id": "b8df26b7-843f-468a-9287-a1d63ec203cc",
        "name": "UPDATE_GRAD_PROGRAM_SETS_DATA",
        "protocol": "openid-connect",
        "attributes": {
            "include.in.token.scope": "true",
            "display.on.consent.screen": "true"
        }
    },
    {
        "id": "de42692d-0420-495e-b2b5-33861967773c",
        "name": "UPDATE_GRAD_REPORT_CODE_DATA",
        "protocol": "openid-connect",
        "attributes": {
            "include.in.token.scope": "true",
            "display.on.consent.screen": "true"
        }
    },
    {
        "id": "9ca20e48-ebf0-4572-9e08-e927a930918f",
        "name": "UPDATE_GRAD_REQUIREMENT_TYPE_CODE_DATA",
        "protocol": "openid-connect",
        "attributes": {
            "include.in.token.scope": "true",
            "display.on.consent.screen": "true"
        }
    },
    {
        "id": "afac1fd1-819a-43c9-adad-f6f196f7a843",
        "name": "UPDATE_GRAD_STUDENT_CERTIFICATE_DATA",
        "protocol": "openid-connect",
        "attributes": {
            "include.in.token.scope": "true",
            "display.on.consent.screen": "true"
        }
    },
    {
        "id": "7b3e2679-55bc-481b-854f-5abbec78a3a5",
        "name": "UPDATE_GRAD_UNGRAD_CODE_DATA",
        "protocol": "openid-connect",
        "attributes": {
            "include.in.token.scope": "true",
            "display.on.consent.screen": "true"
        }
    },
    {
        "id": "35bfaf98-9a8f-4112-9c7f-4a128fd4276c",
        "name": "READ_SIGNATURE_BLOCK_TYPE_CODE",
        "protocol": "openid-connect",
        "attributes": {
            "include.in.token.scope": "true",
            "display.on.consent.screen": "true"
        }
    },
    {
        "id": "62ca9c65-a327-4da1-bb3f-41686d75b4c1",
        "name": "READ_GRAD_DOCUMENT_STATUS_CODE_DATA",
        "protocol": "openid-connect",
        "attributes": {
            "include.in.token.scope": "true",
            "display.on.consent.screen": "true"
        }
    },
    {
        "id": "f212e446-7e47-4b5e-8005-75e85a9f3351",
        "name": "CREATE_PACKING_SLIP",
        "protocol": "openid-connect",
        "attributes": {
            "include.in.token.scope": "true",
            "display.on.consent.screen": "true"
        }
    },
    {
        "id": "ddb61aeb-dcd1-48a1-a73e-17cf6d10485a",
        "name": "READ_GRAD_ASSESSMENT_REQUIREMENT_DATA",
        "protocol": "openid-connect",
        "attributes": {
            "include.in.token.scope": "true",
            "display.on.consent.screen": "true"
        }
    },
    {
        "id": "8436178a-802c-4464-97d4-5bc239742931",
        "name": "READ_GRAD_COURSE_RESTRICTION_DATA",
        "protocol": "openid-connect",
        "attributes": {
            "include.in.token.scope": "true",
            "display.on.consent.screen": "true"
        }
    },
    {
        "id": "7b3571b6-5c4f-45f1-93e7-44a65f6e0452",
        "name": "READ_GRAD_LETTER_GRADE_DATA",
        "protocol": "openid-connect",
        "attributes": {
            "include.in.token.scope": "true",
            "display.on.consent.screen": "true"
        }
    },
    {
        "id": "57f25049-5c56-4011-ac03-e6081b4ab702",
        "name": "READ_GRAD_PROVINCE_CODE_DATA",
        "protocol": "openid-connect",
        "attributes": {
            "include.in.token.scope": "true",
            "display.on.consent.screen": "true"
        }
    },
    {
        "id": "3b4900ad-64a7-43d1-b5cf-375f203ffa85",
        "name": "READ_GRAD_REQUIREMENT_TYPE_CODE_DATA",
        "protocol": "openid-connect",
        "attributes": {
            "include.in.token.scope": "true",
            "display.on.consent.screen": "true"
        }
    },
    {
        "id": "ccd19835-d9e9-409c-a229-ba871e0b652a",
        "name": "READ_GRAD_SPECIAL_CASE_DATA",
        "protocol": "openid-connect",
        "attributes": {
            "include.in.token.scope": "true",
            "display.on.consent.screen": "true"
        }
    },
    {
        "id": "225f8422-eafb-4d1f-a24c-0f91fd6d2d53",
        "name": "READ_GRAD_STUDENT_COURSE_DATA",
        "protocol": "openid-connect",
        "attributes": {
            "include.in.token.scope": "true",
            "display.on.consent.screen": "true"
        }
    },
    {
        "id": "d9eb1f2a-34cf-4e3f-be00-1c00005eb418",
        "name": "UPDATE_GRAD_BATCH_JOB_CODE_DATA",
        "protocol": "openid-connect",
        "attributes": {
            "include.in.token.scope": "true",
            "display.on.consent.screen": "true"
        }
    },
    {
        "id": "ecc414d4-7ed2-4a8f-bea4-040e1ee2ac6e",
        "name": "CREATE_GRAD_BATCH_JOB_CODE_DATA",
        "protocol": "openid-connect",
        "attributes": {
            "include.in.token.scope": "true",
            "display.on.consent.screen": "true"
        }
    },
    {
        "id": "0b57e939-b0cd-4b64-9a53-fdfcba8eba9e",
        "name": "LOAD_BATCH_DASHBOARD",
        "protocol": "openid-connect",
        "attributes": {
            "include.in.token.scope": "true",
            "display.on.consent.screen": "true"
        }
    },
    {
        "id": "66c7d828-d79e-4ee0-8a45-c0d811e209fd",
        "name": "READ_GRAD_STUDENT_STATUS_CODE_DATA",
        "protocol": "openid-connect",
        "attributes": {
            "include.in.token.scope": "true",
            "display.on.consent.screen": "true"
        }
    },
    {
        "id": "741245e4-acff-4c8a-8453-a5a4bc2ad1a8",
        "name": "READ_GRAD_TRANSCRIPT_CODE_DATA",
        "protocol": "openid-connect",
        "attributes": {
            "include.in.token.scope": "true",
            "display.on.consent.screen": "true"
        }
    },
    {
        "id": "d7e48917-e45c-48af-a754-8f497c20af82",
        "name": "UPDATE_GRAD_CERTIFICATE_CODE_DATA",
        "protocol": "openid-connect",
        "attributes": {
            "include.in.token.scope": "true",
            "display.on.consent.screen": "true"
        }
    },
    {
        "id": "6f7a6c1a-31f9-4517-903d-6cfc3ba52229",
        "name": "UPDATE_GRAD_PROGRAM_CODE_DATA",
        "protocol": "openid-connect",
        "attributes": {
            "include.in.token.scope": "true",
            "display.on.consent.screen": "true"
        }
    },
    {
        "id": "421f733d-bea1-482e-8ed3-b55b201b9f8a",
        "name": "UPDATE_GRAD_SPECIAL_PROGRAM_RULES_DATA",
        "protocol": "openid-connect",
        "attributes": {
            "include.in.token.scope": "true",
            "display.on.consent.screen": "true"
        }
    },
    {
        "id": "db0f9769-0aef-47ba-9259-e508b113f451",
        "name": "UPDATE_GRAD_STUDENT_NOTES_DATA",
        "protocol": "openid-connect",
        "attributes": {
            "include.in.token.scope": "true",
            "display.on.consent.screen": "true"
        }
    },
    {
        "id": "8a14a712-4d86-4e52-a12d-3fe181888e3b",
        "name": "UPDATE_GRAD_STUDENT_REPORT_DATA",
        "protocol": "openid-connect",
        "attributes": {
            "include.in.token.scope": "true",
            "display.on.consent.screen": "true"
        }
    },
    {
        "id": "6dd52dd2-4bf0-4620-8b65-df24f7b7447e",
        "name": "UPDATE_GRAD_STUDENT_SPECIAL_DATA",
        "protocol": "openid-connect",
        "attributes": {
            "include.in.token.scope": "true",
            "display.on.consent.screen": "true"
        }
    },
    {
        "id": "1bf9d992-656d-4fe0-bc31-f967302e9398",
        "name": "UPDATE_GRAD_STUDENT_STATUS_CODE_DATA",
        "protocol": "openid-connect",
        "attributes": {
            "include.in.token.scope": "true",
            "display.on.consent.screen": "true"
        }
    },
    {
        "id": "9263bb9c-d2f6-46b8-ac47-f85a1f6d2758",
        "name": "CREATE_STUDENT_NON_GRAD",
        "protocol": "openid-connect",
        "attributes": {
            "include.in.token.scope": "true",
            "display.on.consent.screen": "true"
        }
    },
    {
        "id": "0f2b983f-a204-4f78-adfd-1c5ba7c86b9c",
        "name": "CREATE_GRAD_PROGRAM_CODE_DATA",
        "protocol": "openid-connect",
        "attributes": {
            "include.in.token.scope": "true",
            "display.on.consent.screen": "true"
        }
    },
    {
        "id": "26cedf9f-b090-441f-a6eb-462870e1b2ab",
        "name": "CREATE_GRAD_PROGRAM_RULES_DATA",
        "protocol": "openid-connect",
        "attributes": {
            "include.in.token.scope": "true",
            "display.on.consent.screen": "true"
        }
    },
    {
        "id": "df58472d-4aa3-42bf-ae16-14ee32cb2bfa",
        "name": "CREATE_OR_UPDATE_SIGNATURE_IMAGE",
        "protocol": "openid-connect",
        "attributes": {
            "include.in.token.scope": "true",
            "display.on.consent.screen": "true"
        }
    },
    {
        "id": "b1ebdea4-71e5-4fa8-ae0b-33fcb43c3726",
        "name": "CREATE_STUDENT_TRANSCRIPT_REPORT",
        "protocol": "openid-connect",
        "attributes": {
            "include.in.token.scope": "true",
            "display.on.consent.screen": "true"
        }
    },
    {
        "id": "8c0e2eef-71b9-4ce6-a4d1-4f0641011ba4",
        "name": "DELETE_GRAD_UNGRAD_CODE_DATA",
        "protocol": "openid-connect",
        "attributes": {
            "include.in.token.scope": "true",
            "display.on.consent.screen": "true"
        }
    },
    {
        "id": "dc5907a9-c540-4423-9287-e4609c64211a",
        "name": "LOAD_STUDENT_IDS",
        "protocol": "openid-connect",
        "attributes": {
            "include.in.token.scope": "true",
            "display.on.consent.screen": "true"
        }
    },
    {
        "id": "2b276666-b55e-4943-8cc0-4d778595145a",
        "name": "CREATE_SCHOOL_DISTRIBUTION",
        "protocol": "openid-connect",
        "attributes": {
            "include.in.token.scope": "true",
            "display.on.consent.screen": "true"
        }
    },
    {
        "id": "37aa243d-a4db-411a-998e-b75dbe5a3aa9",
        "name": "CREATE_STUDENT_XML_TRANSCRIPT_REPORT",
        "protocol": "openid-connect",
        "attributes": {
            "include.in.token.scope": "true",
            "display.on.consent.screen": "true"
        }
    },
    {
        "id": "0d3543f6-83b9-4f22-a900-6caffd771b7e",
        "name": "GET_GRADUATION_DATA",
        "protocol": "openid-connect",
        "attributes": {
            "include.in.token.scope": "true",
            "display.on.consent.screen": "true"
        }
    },
    {
        "id": "443c66e2-0a4e-4aae-8625-b5d51477af29",
        "name": "GRAD_BUSINESS_R",
        "protocol": "openid-connect",
        "attributes": {
            "include.in.token.scope": "true",
            "display.on.consent.screen": "true"
        }
    },
    {
        "id": "1046fe96-bbb3-44d1-822a-37b7683ae9ce",
        "name": "CREATE_GRAD_ASSESSMENT_REQUIREMENT_DATA",
        "protocol": "openid-connect",
        "attributes": {
            "include.in.token.scope": "true",
            "display.on.consent.screen": "true"
        }
    },
    {
        "id": "ddbb026e-2567-45f2-88a6-a0ce792e67ee",
        "name": "GET_GRADUATION_TRANSCRIPT",
        "protocol": "openid-connect",
        "attributes": {
            "include.in.token.scope": "true",
            "display.on.consent.screen": "true"
        }
    },
    {
        "id": "0f293892-a4fa-432a-9ee0-7b9ebe970e90",
        "name": "GET_GRADUATION_CERTIFICATE",
        "protocol": "openid-connect",
        "attributes": {
            "include.in.token.scope": "true",
            "display.on.consent.screen": "true"
        }
    },
    {
        "id": "9cf5ca65-4f71-4340-a757-a132f5a52e3a",
        "name": "GET_GRADUATION_ACHIEVEMENT",
        "protocol": "openid-connect",
        "attributes": {
            "include.in.token.scope": "true",
            "display.on.consent.screen": "true"
        }
    },
    {
        "id": "2a27ece8-b79b-42bb-961b-6e38fd84cdde",
        "name": "READ_GRAD_TRAX_STUDENT_DATA",
        "description": "Permission to read TRAX Student related Data",
        "protocol": "openid-connect",
        "attributes": {
            "include.in.token.scope": "true",
            "display.on.consent.screen": "true"
        }
    },
    {
        "id": "24aadd30-867c-4a0d-b790-19c1e7be7a63",
        "name": "READ_GRAD_TRAX_COURSE_DATA",
        "description": "Permission to read TRAX Course related Data",
        "protocol": "openid-connect",
        "attributes": {
            "include.in.token.scope": "true",
            "display.on.consent.screen": "true"
        }
    },
    {
        "id": "5a2fc44f-9cdd-48e6-b339-87e30e017f23",
        "name": "UPDATE_GRAD_TRAX_STUDENT_DATA",
        "description": "Permission to update Trax Student related tables such as TRAX_STUDENT_NO and STUDENT_MASTER.",
        "protocol": "openid-connect",
        "attributes": {
            "include.in.token.scope": "true",
            "display.on.consent.screen": "true"
        }
    },
    {
        "id": "67a1dfe0-6c17-4a9d-9b70-733ff95c8126",
        "name": "CREATE_SCHOOL_GRADUATION",
        "protocol": "openid-connect",
        "attributes": {
            "include.in.token.scope": "true",
            "display.on.consent.screen": "false"
        }
    },
    {
        "id": "7f42f17c-4ebb-4d7f-a962-8a30c1247930",
        "name": "READ_GRAD_BATCH_JOB_CODE_DATA",
        "protocol": "openid-connect",
        "attributes": {
            "include.in.token.scope": "true",
            "display.on.consent.screen": "true"
        }
    },
    {
        "id": "3978d876-1ef4-4eec-aaeb-603cda756f52",
        "name": "CREATE_SCHOOL_NON_GRADUATION",
        "protocol": "openid-connect",
        "attributes": {
            "include.in.token.scope": "true",
            "display.on.consent.screen": "false"
        }
    },
    {
        "id": "ef29bd09-f45d-4a1b-87ef-121c7ae3023d",
        "name": "DELETE_STUDENT_REPORT",
        "protocol": "openid-connect",
        "attributes": {
            "include.in.token.scope": "true",
            "display.on.consent.screen": "true"
        }
    },
    {
        "id": "49fe24fd-659a-4a14-9661-87e0f9b56e3a",
        "name": "CREATE_SCHOOL_LABEL",
        "protocol": "openid-connect",
        "attributes": {
            "include.in.token.scope": "true",
            "display.on.consent.screen": "true"
        }
    },
    {
        "id": "4e371ce0-7962-46cc-90db-6b233dd39c6b",
        "name": "DELETE_GRAD_BATCH_JOB_CODE_DATA",
        "protocol": "openid-connect",
        "attributes": {
            "include.in.token.scope": "true",
            "display.on.consent.screen": "true"
        }
    },
    {
        "id": "4109da00-964c-40d6-ac31-35e878dbf8ae",
        "name": "RUN_DELETE_STUDENT_REPORTS",
        "protocol": "openid-connect",
        "attributes": {
            "include.in.token.scope": "true",
            "display.on.consent.screen": "true"
        }
    },
    {
        "id": "fad97d99-c014-43df-ba45-00260528bcf2",
        "name": "READ_GRAD_STUDENT_GRADE_CODES",
        "description": "",
        "protocol": "openid-connect",
        "attributes": {
            "include.in.token.scope": "true",
            "display.on.consent.screen": "true"
        }
    },
    {
        "id": "95933f4c-55b0-4732-a1b4-85524ab29a99",
        "name": "DELETE_GRAD_STUDENT_DATA",
        "protocol": "openid-connect",
        "attributes": {
            "include.in.token.scope": "true",
            "display.on.consent.screen": "true"
        }
    },
    {
        "id": "113555ba-9a32-41bd-86fd-70cc42780296",
        "name": "READ_EQUIVALENT_OR_CHALLENGE_CODE",
        "description": "Read scope for equivalent or challenge code",
        "protocol": "openid-connect",
        "attributes": {
            "include.in.token.scope": "true",
            "display.on.consent.screen": "true"
        }
    },
    {
        "id": "0514f4a5-b25c-4aeb-a435-597a9f7a2c8a",
        "name": "READ_EXAM_SPECIAL_CASE_CODE",
        "description": "Read scope for exam special case code",
        "protocol": "openid-connect",
        "attributes": {
            "include.in.token.scope": "true",
            "display.on.consent.screen": "true"
        }
    },
    {
        "id": "5605e5cb-9027-496b-8181-ef7a0e38cc95",
        "name": "READ_FINE_ART_APPLIED_SKILLS_CODE",
        "description": "Read scope for fine arts applied skills code",
        "protocol": "openid-connect",
        "attributes": {
            "include.in.token.scope": "true",
            "display.on.consent.screen": "true"
        }
    },
    {
        "id": "cb5c7e8c-1764-4720-9639-dcb1e85b41fa",
        "name": "RUN_ARCHIVE_STUDENTS",
        "protocol": "openid-connect",
        "attributes": {
            "include.in.token.scope": "true",
            "display.on.consent.screen": "true"
        }
    },
    {
        "id": "38fbecc2-42f6-4c3f-b7e0-5d89c4ecd30b",
        "name": "ARCHIVE_GRADUATION_STUDENT_RECORD",
        "protocol": "openid-connect",
        "attributes": {
            "include.in.token.scope": "true",
            "display.on.consent.screen": "true"
        }
    },
    {
        "id": "75f7cfcc-5edb-4e94-bffe-45bf266aae18",
        "name": "RUN_ARCHIVE_SCHOOL_REPORTS",
        "protocol": "openid-connect",
        "attributes": {
            "include.in.token.scope": "true",
            "display.on.consent.screen": "true"
        }
    },
    {
        "id": "a2ad2b73-58d4-4c82-9402-b0ff70ab15e8",
        "name": "ARCHIVE_SCHOOL_REPORT",
        "protocol": "openid-connect",
        "attributes": {
            "include.in.token.scope": "true",
            "display.on.consent.screen": "true"
        }
    },
    {
        "id": "8dba551c-9e61-4cd0-8553-6f6b37da97cf",
        "name": "WRITE_EVENT_HISTORY",
        "protocol": "openid-connect",
        "attributes": {
            "include.in.token.scope": "true",
            "display.on.consent.screen": "true"
        }
    },
 {
    "id": "WRITE_STUDENT",
    "name": "WRITE_STUDENT",
    "description": "Write scope for student",
    "protocol": "openid-connect",
    "attributes": {
      "include.in.token.scope": "true",
      "display.on.consent.screen": "false"
    }
  },
    {
        "id": "e0ad3237-347c-458c-b240-2df0f3206ab3",
        "name": "READ_EVENT_HISTORY",
        "protocol": "openid-connect",
        "attributes": {
            "include.in.token.scope": "true",
            "display.on.consent.screen": "true"
        }
    }
]
